Microchip MPLAB XC8 Compiler V2.46

Linker command line:

-W-3 \
  --edf=C:\Program Files\Microchip\xc8\v2.46\pic\dat\20240104201356_en.msgs \
  -cn -h+dist/default/production\FIRMWARE_MODBUS_ver_0.5.0.X.production.sym \
  --cmf=dist/default/production\FIRMWARE_MODBUS_ver_0.5.0.X.production.cmf \
  -z -Q18LF47K40 \
  -oC:\Users\BRANDO~1\AppData\Local\Temp\xcAs110k.\driver_tmp_3.o \
  --defsym=__MPLAB_BUILD=1 --fixupoverflow=error \
  -Mdist/default/production/FIRMWARE_MODBUS_ver_0.5.0.X.production.map \
  --md=C:\Users\BRANDO~1\AppData\Local\Temp\xcAs110k.\driver_tmp_0.dat -E1 \
  -ver=XC8 Compiler --acfsm=1493 -ACODE=00h-01FFFFh -ACONST=00h-01FFFFh \
  -ASMALLCONST=0F00h-0FFFhx497 -AMEDIUMCONST=0F00h-0FFFFh,010F00h-01FFFFh \
  -ACOMRAM=01h-05Fh -AABS1=00h-0E87h -ABIGRAM=01h-0E87h \
  -ARAM=060h-0FFh,0100h-01FFhx13,0E00h-0E87h -ABANK0=060h-0FFh \
  -ABANK1=0100h-01FFh -ABANK2=0200h-02FFh -ABANK3=0300h-03FFh \
  -ABANK4=0400h-04FFh -ABANK5=0500h-05FFh -ABANK6=0600h-06FFh \
  -ABANK7=0700h-07FFh -ABANK8=0800h-08FFh -ABANK9=0900h-09FFh \
  -ABANK10=0A00h-0AFFh -ABANK11=0B00h-0BFFh -ABANK12=0C00h-0CFFh \
  -ABANK13=0D00h-0DFFh -ABANK14=0E00h-0E87h \
  -ASFR=0E8Dh-0EFFh,0F00h-0F5Fh,0F60h-0FFFh -ABIGSFR=0E8Dh-0FFFh \
  -ACONFIG=0300000h-030000Bh -AIDLOC=0200000h-020000Fh \
  -AEEDATA=0310000h-03103FFh -peeprom_data=EEDATA \
  -preset_vec=00h,intcode=8h,intcodelo,powerup,init -pramtop=0F00h \
  -psmallconst=SMALLCONST -pmediumconst=MEDIUMCONST -pconst=CONST \
  -AFARRAM=00h-00h \
  -prdata=COMRAM,nvrram=COMRAM,nvbit=COMRAM,rbss=COMRAM,rbit=COMRAM \
  -pfarbss=FARRAM,fardata=FARRAM,nvFARRAM=FARRAM \
  -pintsave_regs=BIGRAM,bigbss=BIGRAM,bigdata=BIGRAM -pbss=RAM \
  -pidata=CODE,irdata=CODE,ibigdata=CODE,ifardata=CODE -prparam=COMRAM \
  C:\Users\BRANDO~1\AppData\Local\Temp\xcAs110k.\driver_tmp_14.o \
  dist/default/production\FIRMWARE_MODBUS_ver_0.5.0.X.production.o 

Object code version is 3.11

Machine type is 18LF47K40



                Name                               Link     Load   Length Selector   Space Scale
C:\Users\BRANDO~1\AppData\Local\Temp\xcAs110k.\driver_tmp_14.o
                idloc                            200000   200000       10        0       5
                config                           300000   300000        C        0       4
                init                                 D0       D0        4        4       0
                reset_vec                             0        0        4        0       0
dist/default/production\FIRMWARE_MODBUS_ver_0.5.0.X.production.o
                intcode                               8        8       C8        4       0
                idloc                            200000   200000       10        0       5
                config                           300000   300000        C        0       4
                temp                                 50       50        1        1       1
                smallconst                          F00      F00       76      780       0
                text46                             25D0     25D0        2      7BB       0
                text45                             25BE     25BE        6      7BB       0
                text44                             25CE     25CE        2      7BB       0
                text43                             25AC     25AC        A      7BB       0
                text42                             25C8     25C8        4      7BB       0
                text41                             2348     2348       40      7BB       0
                text40                             25CC     25CC        2      7BB       0
                text39                             23C6     23C6       3C      7BB       0
                text38                             259E     259E        E      7BB       0
                text37                             2402     2402       34      7BB       0
                text36                             2028     2028       92      7BB       0
                text35                             1BC2     1BC2       DC      7BB       0
                text33                             1AE0     1AE0       E2      7BB       0
                text32                             1F96     1F96       92      7BB       0
                text31                             2436     2436       2C      7BB       0
                text30                             19B4     19B4      12C      7BB       0
                text29                              F76      F76      21A      7BB       0
                text28                             1190     1190      218      7BB       0
                text27                             13A8     13A8      1B6      7BB       0
                text26                             155E     155E      198      7BB       0
                text25                             1886     1886      12E      7BB       0
                text24                             1D68     1D68       C4      7BB       0
                text23                             16F6     16F6      190      7BB       0
                text22                             1EE4     1EE4       B2      7BB       0
                text21                             221A     221A       56      7BB       0
                text20                             255C     255C       18      7BB       0
                text19                             24D0     24D0       22      7BB       0
                text18                             24AE     24AE       22      7BB       0
                text17                             248C     248C       22      7BB       0
                text16                             21B8     21B8       62      7BB       0
                text15                             2590     2590        E      7BB       0
                text14                             2582     2582        E      7BB       0
                text13                             2574     2574        E      7BB       0
                text12                             2302     2302       46      7BB       0
                text11                             1E2C     1E2C       B8      7BB       0
                text10                             2544     2544       18      7BB       0
                text9                              2388     2388       3E      7BB       0
                text8                              252A     252A       1A      7BB       0
                text7                              2462     2462       2A      7BB       0
                text6                              25B6     25B6        8      7BB       0
                text5                              24F2     24F2       1E      7BB       0
                text4                              1C9E     1C9E       CA      7BB       0
                text3                              2142     2142       76      7BB       0
                text2                              22BC     22BC       46      7BB       0
                text1                              2510     2510       1A      7BB       0
                text0                              2270     2270       4C      7BB       0
                cstackCOMRAM                          1        1       28        1       1
                bssBANK3                            300      300       E8      300       1
                bssBANK2                            200      200      100      200       1
                bssBANK1                            100      100      100      100       1
                dataBANK0                            E1       E1        4       60       1
                bssBANK0                             60       60       81       60       1
                dataCOMRAM                           4F       4F        1        1       1
                bssCOMRAM                            29       29       26        1       1
                cinit                              20BA     20BA       88      7BB       0
                idataBANK0                         25C4     25C4        4      7BB       0
                idataCOMRAM                        25D2     25D2        1      7BB       0

TOTAL           Name                               Link     Load   Length     Space
        CLASS   CODE           
                intcode                               8        8       C8         0
                init                                 D0       D0        4         0
                reset_vec                             0        0        4         0
                text46                             25D0     25D0        2         0
                text45                             25BE     25BE        6         0
                text44                             25CE     25CE        2         0
                text43                             25AC     25AC        A         0
                text42                             25C8     25C8        4         0
                text41                             2348     2348       40         0
                text40                             25CC     25CC        2         0
                text39                             23C6     23C6       3C         0
                text38                             259E     259E        E         0
                text37                             2402     2402       34         0
                text36                             2028     2028       92         0
                text35                             1BC2     1BC2       DC         0
                text33                             1AE0     1AE0       E2         0
                text32                             1F96     1F96       92         0
                text31                             2436     2436       2C         0
                text30                             19B4     19B4      12C         0
                text29                              F76      F76      21A         0
                text28                             1190     1190      218         0
                text27                             13A8     13A8      1B6         0
                text26                             155E     155E      198         0
                text25                             1886     1886      12E         0
                text24                             1D68     1D68       C4         0
                text23                             16F6     16F6      190         0
                text22                             1EE4     1EE4       B2         0
                text21                             221A     221A       56         0
                text20                             255C     255C       18         0
                text19                             24D0     24D0       22         0
                text18                             24AE     24AE       22         0
                text17                             248C     248C       22         0
                text16                             21B8     21B8       62         0
                text15                             2590     2590        E         0
                text14                             2582     2582        E         0
                text13                             2574     2574        E         0
                text12                             2302     2302       46         0
                text11                             1E2C     1E2C       B8         0
                text10                             2544     2544       18         0
                text9                              2388     2388       3E         0
                text8                              252A     252A       1A         0
                text7                              2462     2462       2A         0
                text6                              25B6     25B6        8         0
                text5                              24F2     24F2       1E         0
                text4                              1C9E     1C9E       CA         0
                text3                              2142     2142       76         0
                text2                              22BC     22BC       46         0
                text1                              2510     2510       1A         0
                text0                              2270     2270       4C         0
                cinit                              20BA     20BA       88         0
                idataBANK0                         25C4     25C4        4         0
                idataCOMRAM                        25D2     25D2        1         0

        CLASS   CONST          

        CLASS   SMALLCONST     
                smallconst                          F00      F00       76         0

        CLASS   MEDIUMCONST    

        CLASS   COMRAM         
                temp                                 50       50        1         1
                cstackCOMRAM                          1        1       28         1
                dataCOMRAM                           4F       4F        1         1
                bssCOMRAM                            29       29       26         1

        CLASS   ABS1           

        CLASS   BIGRAM         

        CLASS   RAM            

        CLASS   BANK0          
                dataBANK0                            E1       E1        4         1
                bssBANK0                             60       60       81         1

        CLASS   BANK1          
                bssBANK1                            100      100      100         1

        CLASS   BANK2          
                bssBANK2                            200      200      100         1

        CLASS   BANK3          
                bssBANK3                            300      300       E8         1

        CLASS   BANK4          

        CLASS   BANK5          

        CLASS   BANK6          

        CLASS   BANK7          

        CLASS   BANK8          

        CLASS   BANK9          

        CLASS   BANK10         

        CLASS   BANK11         

        CLASS   BANK12         

        CLASS   BANK13         

        CLASS   BANK14         

        CLASS   SFR            

        CLASS   BIGSFR         

        CLASS   CONFIG         
                config                           300000   300000        C         4

        CLASS   IDLOC          
                idloc                            200000   200000       10         5

        CLASS   EEDATA         

        CLASS   FARRAM         

        CLASS   HEAP           

        CLASS   STACK          



SEGMENTS        Name                           Load    Length   Top    Selector   Space  Class

                reset_vec                      000000  000004  000004         0       0  CODE    
                cstackCOMRAM                   000001  000050  000051         1       1  COMRAM  
                intcode                        000008  0000CC  0000D4         4       0  CODE    
                bssBANK0                       000060  000085  0000E5        60       1  BANK0   
                bssBANK1                       000100  000100  000200       100       1  BANK1   
                bssBANK2                       000200  000100  000300       200       1  BANK2   
                bssBANK3                       000300  0000E8  0003E8       300       1  BANK3   
                smallconst                     000F00  000076  000F76       780       0  SMALLCON
                text29                         000F76  00165D  0025D3       7BB       0  CODE    


UNUSED ADDRESS RANGES

        Name                Unused          Largest block    Delta
        BANK0            0000E5-0000FF               1B
        BANK10           000A00-000AFF              100
        BANK11           000B00-000BFF              100
        BANK12           000C00-000CFF              100
        BANK13           000D00-000DFF              100
        BANK14           000E00-000E87               88
        BANK3            0003E8-0003FF               18
        BANK4            000400-0004FF              100
        BANK5            000500-0005FF              100
        BANK6            000600-0006FF              100
        BANK7            000700-0007FF              100
        BANK8            000800-0008FF              100
        BANK9            000900-0009FF              100
        BIGRAM           000051-00005F                F
                         0000E5-0000FF               1B
                         0003E8-000E87              AA0
        BIGSFR           000E8D-000FFF              173
        CODE             000004-000007                4
                         0000D4-000EFF              E2C
                         0025D3-01FFFF            1DA2D
        COMRAM           000051-00005F                F
        CONST            000004-000007                4
                         0000D4-000EFF              E2C
                         0025D3-01FFFF            1DA2D
        EEDATA           310000-3103FF              400
        MEDIUMCONST      0025D3-00FFFF             DA2D
                         010F00-01FFFF             F100
        RAM              0000E5-0000FF               1B
                         0003E8-000E87              100
        SFR              000E8D-000FFF               73
        SMALLCONST       0025D3-01FFFF              100

                                  Symbol Table

?_CalculateCRC                                       cstackCOMRAM 00000C
?___awdiv                                            cstackCOMRAM 00000C
?_printf                                             cstackCOMRAM 000020
?_vfprintf                                           cstackCOMRAM 00001B
CalculateCRC@CRC_TEMP                                cstackCOMRAM 000012
CalculateCRC@_long                                   cstackCOMRAM 00000E
CalculateCRC@i                                       cstackCOMRAM 000014
CalculateCRC@string                                  cstackCOMRAM 00000C
CheckCRC@CRCH                                        cstackCOMRAM 00000E
CheckCRC@CRCL                                        cstackCOMRAM 00000F
CheckCRC@CRC_Temp                                    cstackCOMRAM 000010
CheckCRC@i                                           cstackCOMRAM 000012
ClearResponse@i                                      cstackCOMRAM 00000C
EUSART1_FramingErrorCallbackRegister@callbackHandler cstackCOMRAM 00000C
EUSART1_OverrunErrorCallbackRegister@callbackHandler cstackCOMRAM 00000C
EUSART1_ReceiveISR@regValue                          cstackCOMRAM 000001
EUSART1_ReceiveISR@tempRxHead                        cstackCOMRAM 000002
EUSART1_RxCompleteCallbackRegister@callbackHandler   cstackCOMRAM 00000C
EUSART1_Write@txData                                 cstackCOMRAM 00000C
INT0_SetInterruptHandler@InterruptHandler            cstackCOMRAM 00000C
INT1_SetInterruptHandler@InterruptHandler            cstackCOMRAM 00000C
INT2_SetInterruptHandler@InterruptHandler            cstackCOMRAM 00000C
PresetSR@Address                                     cstackCOMRAM 000022
PresetSR@AddressHigh                                 cstackCOMRAM 00001A
PresetSR@AddressLow                                  cstackCOMRAM 000018
PresetSR@CRC                                         cstackCOMRAM 000020
PresetSR@PresetValue                                 cstackCOMRAM 000024
PresetSR@PresetValueHigh                             cstackCOMRAM 00001E
PresetSR@PresetValueLow                              cstackCOMRAM 00001C
PresetSR@i                                           cstackCOMRAM 000026
ReadCoil@CRC                                         cstackCOMRAM 00001A
ReadCoil@QtBytes                                     cstackCOMRAM 000021
ReadCoil@QtCoils                                     cstackCOMRAM 00001F
ReadCoil@StartingAddress                             cstackCOMRAM 00001C
ReadCoil@i                                           cstackCOMRAM 000024
ReadCoil@j                                           cstackCOMRAM 000025
ReadCoil@k                                           cstackCOMRAM 000026
ReadCoil@l                                           cstackCOMRAM 000022
ReadCoil@lsb                                         cstackCOMRAM 000023
ReadCoil@udRemaining                                 cstackCOMRAM 00001E
ReadDI@CRC                                           cstackCOMRAM 00001A
ReadDI@QtBytes                                       cstackCOMRAM 000021
ReadDI@QtDI                                          cstackCOMRAM 00001F
ReadDI@StartingAddress                               cstackCOMRAM 00001C
ReadDI@i                                             cstackCOMRAM 000024
ReadDI@j                                             cstackCOMRAM 000025
ReadDI@k                                             cstackCOMRAM 000026
ReadDI@l                                             cstackCOMRAM 000022
ReadDI@lsb                                           cstackCOMRAM 000023
ReadDI@udRemaining                                   cstackCOMRAM 00001E
ReadHR@CRC                                           cstackCOMRAM 000018
ReadHR@QtAddresses                                   cstackCOMRAM 00001C
ReadHR@StartingAddress                               cstackCOMRAM 00001A
ReadHR@i                                             cstackCOMRAM 00001E
ReadHR@j                                             cstackCOMRAM 000020
ReadIR@CRC                                           cstackCOMRAM 00001A
ReadIR@QtAddresses                                   cstackCOMRAM 00001E
ReadIR@StartingAddress                               cstackCOMRAM 00001C
ReadIR@i                                             cstackCOMRAM 000020
ReadIR@j                                             cstackCOMRAM 000021
TMR0_OverflowCallbackRegister@CallbackHandler        cstackCOMRAM 00000C
WriteCoil@Address                                    cstackCOMRAM 000024
WriteCoil@AddressHigh                                cstackCOMRAM 000018
WriteCoil@AddressLow                                 cstackCOMRAM 00001A
WriteCoil@CRC                                        cstackCOMRAM 000020
WriteCoil@WriteValue                                 cstackCOMRAM 000022
WriteCoil@WriteValueHigh                             cstackCOMRAM 00001E
WriteCoil@WriteValueLow                              cstackCOMRAM 00001C
WriteCoil@i                                          cstackCOMRAM 000026
WriteMultiCoil@Address                               cstackCOMRAM 000024
WriteMultiCoil@AddressHigh                           cstackCOMRAM 00001A
WriteMultiCoil@AddressLow                            cstackCOMRAM 000018
WriteMultiCoil@CRC                                   cstackCOMRAM 00001D
WriteMultiCoil@QtBytes                               cstackCOMRAM 00001C
WriteMultiCoil@QtCoils                               cstackCOMRAM 000026
WriteMultiCoil@i                                     cstackCOMRAM 000028
WriteMultiCoil@k                                     cstackCOMRAM 000023
WriteMultiCoil@l                                     cstackCOMRAM 000021
WriteMultiCoil@length                                cstackCOMRAM 000022
_ADACCH                                              (abs)        000F71
_ADACCL                                              (abs)        000F70
_ADACQ                                               (abs)        000F5C
_ADACT                                               (abs)        000F56
_ADCAP                                               (abs)        000F5D
_ADCC_Initialize                                     text21       00221A
_ADCLK                                               (abs)        000F57
_ADCNT                                               (abs)        000F67
_ADCON0                                              (abs)        000F60
_ADCON0bits                                          (abs)        000F60
_ADCON1                                              (abs)        000F59
_ADCON1bits                                          (abs)        000F59
_ADCON2                                              (abs)        000F5A
_ADCON2bits                                          (abs)        000F5A
_ADCON3                                              (abs)        000F5B
_ADCON3bits                                          (abs)        000F5B
_ADERRH                                              (abs)        000F6F
_ADERRL                                              (abs)        000F6E
_ADFLTRH                                             (abs)        000F73
_ADFLTRL                                             (abs)        000F72
_ADLTHH                                              (abs)        000F6B
_ADLTHL                                              (abs)        000F6A
_ADPCH                                               (abs)        000F5F
_ADPRE                                               (abs)        000F5E
_ADPREVH                                             (abs)        000F62
_ADPREVL                                             (abs)        000F61
_ADREF                                               (abs)        000F58
_ADRESH                                              (abs)        000F64
_ADRESL                                              (abs)        000F63
_ADRPT                                               (abs)        000F66
_ADSTAT                                              (abs)        000F65
_ADSTATbits                                          (abs)        000F65
_ADSTPTH                                             (abs)        000F69
_ADSTPTL                                             (abs)        000F68
_ADUTHH                                              (abs)        000F6D
_ADUTHL                                              (abs)        000F6C
_ANSELA                                              (abs)        000F11
_ANSELB                                              (abs)        000F19
_ANSELC                                              (abs)        000F21
_ANSELD                                              (abs)        000F26
_ANSELE                                              (abs)        000F2E
_BAUD1CON                                            (abs)        000F9F
_BAUD1CONbits                                        (abs)        000F9F
_CLOCK_Initialize                                    text20       00255C
_CRCACCH                                             (abs)        000F77
_CRCACCL                                             (abs)        000F76
_CRCCON0bits                                         (abs)        000F7C
_CRCCON1                                             (abs)        000F7D
_CRCDATH                                             (abs)        000F75
_CRCDATL                                             (abs)        000F74
_CRCXORH                                             (abs)        000F7B
_CRCXORL                                             (abs)        000F7A
_CalculateCRC                                        text32       001F96
_CheckCRC                                            text33       001AE0
_ClearResponse                                       text31       002436
_Coils                                               bssBANK0     000092
_DecodePacket                                        text22       001EE4
_DiscreteInput                                       bssBANK0     000060
_EUSART1_AutoBaudQuery                               (abs)        000000
_EUSART1_AutoBaudSet                                 (abs)        000000
_EUSART1_DefaultFramingErrorCallback                 text46       0025D0
_EUSART1_DefaultOverrunErrorCallback                 text45       0025BE
_EUSART1_Deinitialize                                (abs)        000000
_EUSART1_ErrorGet                                    (abs)        000000
_EUSART1_FramingErrorCallbackRegister                text19       0024D0
_EUSART1_FramingErrorHandler                         bssCOMRAM    00002C
_EUSART1_Initialize                                  text16       0021B8
_EUSART1_IsRxReady                                   (abs)        000000
_EUSART1_IsTxDone                                    (abs)        000000
_EUSART1_IsTxReady                                   text7        002462
_EUSART1_IsTxReady$1577                              cstackCOMRAM 00000C
_EUSART1_OverrunErrorCallbackRegister                text18       0024AE
_EUSART1_OverrunErrorHandler                         bssCOMRAM    000029
_EUSART1_Read                                        (abs)        000000
_EUSART1_ReceiveISR                                  text35       001BC2
_EUSART1_RxCompleteCallbackRegister                  text17       00248C
_EUSART1_RxInterruptHandler                          bssCOMRAM    00003B
_EUSART1_TransmitDisable                             (abs)        000000
_EUSART1_TransmitEnable                              (abs)        000000
_EUSART1_Write                                       text6        0025B6
_EndOfMessage                                        bssCOMRAM    000049
_HoldingRegister                                     bssBANK3     000300
_INLVLA                                              (abs)        000F0D
_INLVLB                                              (abs)        000F15
_INLVLC                                              (abs)        000F1D
_INLVLD                                              (abs)        000F22
_INLVLE                                              (abs)        000F2A
_INT0_DefaultInterruptHandler                        (abs)        000000
_INT0_InterruptHandler                               bssCOMRAM    000038
_INT0_SetInterruptHandler                            text15       002590
_INT1_DefaultInterruptHandler                        (abs)        000000
_INT1_InterruptHandler                               bssCOMRAM    000035
_INT1_SetInterruptHandler                            text14       002582
_INT2_DefaultInterruptHandler                        (abs)        000000
_INT2_InterruptHandler                               bssCOMRAM    000032
_INT2_SetInterruptHandler                            text13       002574
_INTCONbits                                          (abs)        000FF2
_INTERRUPT_Initialize                                text12       002302
_INTERRUPT_InterruptManager                          intcode      000008
_IOCAF                                               (abs)        000F0A
_IOCAN                                               (abs)        000F0B
_IOCAP                                               (abs)        000F0C
_IOCBF                                               (abs)        000F12
_IOCBN                                               (abs)        000F13
_IOCBP                                               (abs)        000F14
_IOCCF                                               (abs)        000F1A
_IOCCN                                               (abs)        000F1B
_IOCCP                                               (abs)        000F1C
_IOCEF                                               (abs)        000F27
_IOCEN                                               (abs)        000F28
_IOCEP                                               (abs)        000F29
_InputRegister                                       bssBANK3     000384
_LATA                                                (abs)        000F83
_LATAbits                                            (abs)        000F83
_LATB                                                (abs)        000F84
_LATC                                                (abs)        000F85
_LATD                                                (abs)        000F86
_LATE                                                (abs)        000F87
_LATEbits                                            (abs)        000F87
_MessageLength                                       bssCOMRAM    00004D
_ModbusDelay                                         text43       0025AC
_ModbusMessage                                       bssCOMRAM    00004E
_NewMessage                                          dataCOMRAM   00004F
_ODCONA                                              (abs)        000F0F
_ODCONB                                              (abs)        000F17
_ODCONC                                              (abs)        000F1F
_ODCOND                                              (abs)        000F24
_ODCONE                                              (abs)        000F2C
_OSCCON1                                             (abs)        000ED8
_OSCCON3                                             (abs)        000EDA
_OSCEN                                               (abs)        000EDC
_OSCFRQ                                              (abs)        000EDE
_OSCTUNE                                             (abs)        000EDD
_PIE0bits                                            (abs)        000EC2
_PIE3bits                                            (abs)        000EC5
_PIN_MANAGER_IOC                                     text44       0025CE
_PIN_MANAGER_Initialize                              text11       001E2C
_PIR0bits                                            (abs)        000ECA
_PIR1bits                                            (abs)        000ECB
_PIR3bits                                            (abs)        000ECD
_PORTCbits                                           (abs)        000F8F
_PORTDbits                                           (abs)        000F90
_PresetSR                                            text30       0019B4
_RB4PPS                                              (abs)        000EF3
_RC1REG                                              (abs)        000F99
_RC1STA                                              (abs)        000F9D
_RC1STAbits                                          (abs)        000F9D
_RX1PPS                                              (abs)        000EB5
_ReadCoil                                            text29       000F76
_ReadDI                                              text28       001190
_ReadHR                                              text27       0013A8
_ReadIR                                              text26       00155E
_SLRCONA                                             (abs)        000F0E
_SLRCONB                                             (abs)        000F16
_SLRCONC                                             (abs)        000F1E
_SLRCOND                                             (abs)        000F23
_SLRCONE                                             (abs)        000F2B
_SP1BRGH                                             (abs)        000F9C
_SP1BRGL                                             (abs)        000F9B
_SYSTEM_Initialize                                   text8        00252A
_T0CON0                                              (abs)        000FD5
_T0CON0bits                                          (abs)        000FD5
_T0CON1                                              (abs)        000FD6
_TMR0H                                               (abs)        000FD4
_TMR0L                                               (abs)        000FD3
_TMR0_DefaultOverflowCallback                        text40       0025CC
_TMR0_Initialize                                     text9        002388
_TMR0_Initialize$intlevel0                           text9        002392
_TMR0_OverflowCallback                               bssCOMRAM    00002F
_TMR0_OverflowCallbackRegister                       text10       002544
_TMR0_OverflowCallbackRegister$intlevel0             text10       00254E
_TMR0_OverflowISR                                    text39       0023C6
_TMR0_PeriodCountSet                                 (abs)        000000
_TMR0_Start                                          (abs)        000000
_TMR0_Stop                                           text42       0025C8
_TRISA                                               (abs)        000F88
_TRISB                                               (abs)        000F89
_TRISC                                               (abs)        000F8A
_TRISD                                               (abs)        000F8B
_TRISE                                               (abs)        000F8C
_TX1IF                                               (abs)        00766C
_TX1REG                                              (abs)        000F9A
_TX1STA                                              (abs)        000F9E
_TX1STAbits                                          (abs)        000F9E
_Timer0                                              smallconst   000F49
_TimerCount                                          bssCOMRAM    000048
_UART1                                               smallconst   000F01
_WPUA                                                (abs)        000F10
_WPUB                                                (abs)        000F18
_WPUC                                                (abs)        000F20
_WPUD                                                (abs)        000F25
_WPUE                                                (abs)        000F2D
_WriteCoil                                           text25       001886
_WriteMultiCoil                                      text23       0016F6
_WriteMultiCoil$176                                  cstackCOMRAM 00001F
__HRAM                                               (abs)        000000
__H__absolute__                                      __absolute__ 000000
__Habs1                                              abs1         000000
__Hbank0                                             bank0        000000
__Hbank1                                             bank1        000000
__Hbank10                                            bank10       000000
__Hbank11                                            bank11       000000
__Hbank12                                            bank12       000000
__Hbank13                                            bank13       000000
__Hbank14                                            bank14       000000
__Hbank2                                             bank2        000000
__Hbank3                                             bank3        000000
__Hbank4                                             bank4        000000
__Hbank5                                             bank5        000000
__Hbank6                                             bank6        000000
__Hbank7                                             bank7        000000
__Hbank8                                             bank8        000000
__Hbank9                                             bank9        000000
__Hbigbss                                            bigbss       000000
__Hbigdata                                           bigdata      000000
__Hbigram                                            bigram       000000
__Hbigsfr                                            bigsfr       000000
__Hbss                                               bss          000000
__HbssBANK0                                          bssBANK0     000000
__HbssBANK1                                          bssBANK1     000000
__HbssBANK2                                          bssBANK2     000000
__HbssBANK3                                          bssBANK3     000000
__HbssCOMRAM                                         bssCOMRAM    000000
__Hcinit                                             cinit        000000
__Hclrtext                                           clrtext      000000
__Hcomram                                            comram       000000
__Hconfig                                            config       30000C
__Hconst                                             const        000000
__HcstackCOMRAM                                      cstackCOMRAM 000000
__Hdata                                              data         000000
__HdataBANK0                                         dataBANK0    000000
__HdataCOMRAM                                        dataCOMRAM   000000
__Heeprom_data                                       eeprom_data  000000
__Hfarbss                                            farbss       000000
__Hfardata                                           fardata      000000
__Hheap                                              heap         000000
__Hibigdata                                          ibigdata     000000
__Hidata                                             idata        000000
__HidataBANK0                                        idataBANK0   000000
__HidataCOMRAM                                       idataCOMRAM  000000
__Hidloc                                             idloc        200010
__Hifardata                                          ifardata     000000
__Hinit                                              init         0000D4
__Hintcode                                           intcode      0000D0
__Hintcode_body                                      intcode_body 000000
__Hintcodelo                                         intcodelo    0000D0
__Hintentry                                          intentry     000000
__Hintret                                            intret       000000
__Hintsave_regs                                      intsave_regs 000000
__Hirdata                                            irdata       000000
__Hmediumconst                                       mediumconst  000000
__HnvFARRAM                                          nvFARRAM     000000
__Hnvbit                                             nvbit        000000
__Hnvrram                                            nvrram       000000
__Hparam                                             rparam       000000
__Hpowerup                                           powerup      0000D0
__Hram                                               ram          000000
__Hramtop                                            ramtop       000F00
__Hrbit                                              rbit         000000
__Hrbss                                              rbss         000000
__Hrdata                                             rdata        000000
__Hreset_vec                                         reset_vec    000004
__Hrparam                                            rparam       000000
__Hsfr                                               sfr          000000
__Hsivt_hi                                           sivt_hi      000000
__Hsivt_lo                                           sivt_lo      000000
__Hsmallconst                                        smallconst   000F76
__Hspace_0                                           (abs)        0025D3
__Hspace_1                                           (abs)        0003E8
__Hspace_2                                           (abs)        000000
__Hspace_4                                           (abs)        60000C
__Hstack                                             stack        000000
__Hstruct                                            struct       000000
__Htemp                                              temp         000051
__Htext                                              text         000000
__Htext0                                             text0        000000
__Htext1                                             text1        000000
__Htext10                                            text10       000000
__Htext11                                            text11       000000
__Htext12                                            text12       000000
__Htext13                                            text13       000000
__Htext14                                            text14       000000
__Htext15                                            text15       000000
__Htext16                                            text16       000000
__Htext17                                            text17       000000
__Htext18                                            text18       000000
__Htext19                                            text19       000000
__Htext2                                             text2        000000
__Htext20                                            text20       000000
__Htext21                                            text21       000000
__Htext22                                            text22       000000
__Htext23                                            text23       000000
__Htext24                                            text24       000000
__Htext25                                            text25       000000
__Htext26                                            text26       000000
__Htext27                                            text27       000000
__Htext28                                            text28       000000
__Htext29                                            text29       000000
__Htext3                                             text3        000000
__Htext30                                            text30       000000
__Htext31                                            text31       000000
__Htext32                                            text32       000000
__Htext33                                            text33       000000
__Htext35                                            text35       000000
__Htext36                                            text36       000000
__Htext37                                            text37       000000
__Htext38                                            text38       000000
__Htext39                                            text39       000000
__Htext4                                             text4        000000
__Htext40                                            text40       000000
__Htext41                                            text41       000000
__Htext42                                            text42       000000
__Htext43                                            text43       000000
__Htext44                                            text44       000000
__Htext45                                            text45       000000
__Htext46                                            text46       000000
__Htext5                                             text5        000000
__Htext6                                             text6        000000
__Htext7                                             text7        000000
__Htext8                                             text8        000000
__Htext9                                             text9        000000
__LRAM                                               (abs)        000001
__L__absolute__                                      __absolute__ 000000
__Labs1                                              abs1         000000
__Lbank0                                             bank0        000000
__Lbank1                                             bank1        000000
__Lbank10                                            bank10       000000
__Lbank11                                            bank11       000000
__Lbank12                                            bank12       000000
__Lbank13                                            bank13       000000
__Lbank14                                            bank14       000000
__Lbank2                                             bank2        000000
__Lbank3                                             bank3        000000
__Lbank4                                             bank4        000000
__Lbank5                                             bank5        000000
__Lbank6                                             bank6        000000
__Lbank7                                             bank7        000000
__Lbank8                                             bank8        000000
__Lbank9                                             bank9        000000
__Lbigbss                                            bigbss       000000
__Lbigdata                                           bigdata      000000
__Lbigram                                            bigram       000000
__Lbigsfr                                            bigsfr       000000
__Lbss                                               bss          000000
__LbssBANK0                                          bssBANK0     000000
__LbssBANK1                                          bssBANK1     000000
__LbssBANK2                                          bssBANK2     000000
__LbssBANK3                                          bssBANK3     000000
__LbssCOMRAM                                         bssCOMRAM    000000
__Lcinit                                             cinit        000000
__Lclrtext                                           clrtext      000000
__Lcomram                                            comram       000000
__Lconfig                                            config       000000
__Lconst                                             const        000000
__LcstackCOMRAM                                      cstackCOMRAM 000000
__Ldata                                              data         000000
__LdataBANK0                                         dataBANK0    000000
__LdataCOMRAM                                        dataCOMRAM   000000
__Leeprom_data                                       eeprom_data  000000
__Lfarbss                                            farbss       000000
__Lfardata                                           fardata      000000
__Lheap                                              heap         000000
__Libigdata                                          ibigdata     000000
__Lidata                                             idata        000000
__LidataBANK0                                        idataBANK0   000000
__LidataCOMRAM                                       idataCOMRAM  000000
__Lidloc                                             idloc        000000
__Lifardata                                          ifardata     000000
__Linit                                              init         0000D0
__Lintcode                                           intcode      000008
__Lintcode_body                                      intcode_body 000000
__Lintcodelo                                         intcodelo    0000D0
__Lintentry                                          intentry     000000
__Lintret                                            intret       000000
__Lintsave_regs                                      intsave_regs 000000
__Lirdata                                            irdata       000000
__Lmediumconst                                       mediumconst  000000
__LnvFARRAM                                          nvFARRAM     000000
__Lnvbit                                             nvbit        000000
__Lnvrram                                            nvrram       000000
__Lparam                                             rparam       000000
__Lpowerup                                           powerup      0000D0
__Lram                                               ram          000000
__Lramtop                                            ramtop       000F00
__Lrbit                                              rbit         000000
__Lrbss                                              rbss         000000
__Lrdata                                             rdata        000000
__Lreset_vec                                         reset_vec    000000
__Lrparam                                            rparam       000000
__Lsfr                                               sfr          000000
__Lsivt_hi                                           sivt_hi      000000
__Lsivt_lo                                           sivt_lo      000000
__Lsmallconst                                        smallconst   000F00
__Lspace_0                                           (abs)        000000
__Lspace_1                                           (abs)        000000
__Lspace_2                                           (abs)        000000
__Lspace_4                                           (abs)        000000
__Lstack                                             stack        000000
__Lstruct                                            struct       000000
__Ltemp                                              temp         000050
__Ltext                                              text         000000
__Ltext0                                             text0        000000
__Ltext1                                             text1        000000
__Ltext10                                            text10       000000
__Ltext11                                            text11       000000
__Ltext12                                            text12       000000
__Ltext13                                            text13       000000
__Ltext14                                            text14       000000
__Ltext15                                            text15       000000
__Ltext16                                            text16       000000
__Ltext17                                            text17       000000
__Ltext18                                            text18       000000
__Ltext19                                            text19       000000
__Ltext2                                             text2        000000
__Ltext20                                            text20       000000
__Ltext21                                            text21       000000
__Ltext22                                            text22       000000
__Ltext23                                            text23       000000
__Ltext24                                            text24       000000
__Ltext25                                            text25       000000
__Ltext26                                            text26       000000
__Ltext27                                            text27       000000
__Ltext28                                            text28       000000
__Ltext29                                            text29       000000
__Ltext3                                             text3        000000
__Ltext30                                            text30       000000
__Ltext31                                            text31       000000
__Ltext32                                            text32       000000
__Ltext33                                            text33       000000
__Ltext35                                            text35       000000
__Ltext36                                            text36       000000
__Ltext37                                            text37       000000
__Ltext38                                            text38       000000
__Ltext39                                            text39       000000
__Ltext4                                             text4        000000
__Ltext40                                            text40       000000
__Ltext41                                            text41       000000
__Ltext42                                            text42       000000
__Ltext43                                            text43       000000
__Ltext44                                            text44       000000
__Ltext45                                            text45       000000
__Ltext46                                            text46       000000
__Ltext5                                             text5        000000
__Ltext6                                             text6        000000
__Ltext7                                             text7        000000
__Ltext8                                             text8        000000
__Ltext9                                             text9        000000
__S0                                                 (abs)        0025D3
__S1                                                 (abs)        0003E8
__S4                                                 (abs)        000000
__S5                                                 (abs)        000000
___awdiv                                             text24       001D68
___awdiv@counter                                     cstackCOMRAM 000010
___awdiv@dividend                                    cstackCOMRAM 00000C
___awdiv@divisor                                     cstackCOMRAM 00000E
___awdiv@quotient                                    cstackCOMRAM 000012
___awdiv@sign                                        cstackCOMRAM 000011
___heap_hi                                           (abs)        000000
___heap_lo                                           (abs)        000000
___inthi_sp                                          stack        000000
___inthi_stack_hi                                    stack        000000
___inthi_stack_lo                                    stack        000000
___intlo_sp                                          stack        000000
___intlo_stack_hi                                    stack        000000
___intlo_stack_lo                                    stack        000000
___param_bank                                        (abs)        000000
___rparam_used                                       (abs)        000001
___sp                                                stack        000000
___stack_hi                                          stack        000000
___stack_lo                                          stack        000000
__accesstop                                          (abs)        000060
__activetblptr                                       (abs)        000003
__end_of_ADCC_Initialize                             text21       002270
__end_of_CLOCK_Initialize                            text20       002574
__end_of_CalculateCRC                                text32       002028
__end_of_CheckCRC                                    text33       001BC2
__end_of_ClearResponse                               text31       002462
__end_of_DecodePacket                                text22       001F96
__end_of_EUSART1_DefaultFramingErrorCallback         text46       0025D2
__end_of_EUSART1_DefaultOverrunErrorCallback         text45       0025C4
__end_of_EUSART1_FramingErrorCallbackRegister        text19       0024F2
__end_of_EUSART1_Initialize                          text16       00221A
__end_of_EUSART1_IsTxReady                           text7        00248C
__end_of_EUSART1_OverrunErrorCallbackRegister        text18       0024D0
__end_of_EUSART1_ReceiveISR                          text35       001C9E
__end_of_EUSART1_RxCompleteCallbackRegister          text17       0024AE
__end_of_EUSART1_Write                               text6        0025BE
__end_of_INT0_SetInterruptHandler                    text15       00259E
__end_of_INT1_SetInterruptHandler                    text14       002590
__end_of_INT2_SetInterruptHandler                    text13       002582
__end_of_INTERRUPT_Initialize                        text12       002348
__end_of_INTERRUPT_InterruptManager                  intcode      0000D0
__end_of_ModbusDelay                                 text43       0025B6
__end_of_PIN_MANAGER_IOC                             text44       0025D0
__end_of_PIN_MANAGER_Initialize                      text11       001EE4
__end_of_PresetSR                                    text30       001AE0
__end_of_ReadCoil                                    text29       001190
__end_of_ReadDI                                      text28       0013A8
__end_of_ReadHR                                      text27       00155E
__end_of_ReadIR                                      text26       0016F6
__end_of_SYSTEM_Initialize                           text8        002544
__end_of_TMR0_DefaultOverflowCallback                text40       0025CE
__end_of_TMR0_Initialize                             text9        0023C6
__end_of_TMR0_OverflowCallbackRegister               text10       00255C
__end_of_TMR0_OverflowISR                            text39       002402
__end_of_TMR0_Stop                                   text42       0025CC
__end_of_Timer0                                      smallconst   000F5B
__end_of_UART1                                       smallconst   000F49
__end_of_WriteCoil                                   text25       0019B4
__end_of_WriteMultiCoil                              text23       001886
__end_of___awdiv                                     text24       001E2C
__end_of__initialization                             cinit        002138
__end_of_fputc                                       text4        001D68
__end_of_main                                        text0        0022BC
__end_of_printf                                      text1        00252A
__end_of_putch                                       text5        002510
__end_of_rxfunc                                      text36       0020BA
__end_of_tmr0func                                    text41       002388
__end_of_vfpfcnvrt                                   text3        0021B8
__end_of_vfprintf                                    text2        002302
__end_ofi2_TMR0_Initialize                           text37       002436
__end_ofi2_TMR0_OverflowCallbackRegister             text38       0025AC
__initialization                                     cinit        0020BA
__mediumconst                                        mediumconst  000000
__pbssBANK0                                          bssBANK0     000060
__pbssBANK1                                          bssBANK1     000100
__pbssBANK2                                          bssBANK2     000200
__pbssBANK3                                          bssBANK3     000300
__pbssCOMRAM                                         bssCOMRAM    000029
__pcinit                                             cinit        0020BA
__pcstackCOMRAM                                      cstackCOMRAM 000001
__pdataBANK0                                         dataBANK0    0000E1
__pdataCOMRAM                                        dataCOMRAM   00004F
__pidataBANK0                                        idataBANK0   0025C4
__pidataCOMRAM                                       idataCOMRAM  0025D2
__pintcode                                           intcode      000008
__psmallconst                                        smallconst   000F00
__ptext0                                             text0        002270
__ptext1                                             text1        002510
__ptext10                                            text10       002544
__ptext11                                            text11       001E2C
__ptext12                                            text12       002302
__ptext13                                            text13       002574
__ptext14                                            text14       002582
__ptext15                                            text15       002590
__ptext16                                            text16       0021B8
__ptext17                                            text17       00248C
__ptext18                                            text18       0024AE
__ptext19                                            text19       0024D0
__ptext2                                             text2        0022BC
__ptext20                                            text20       00255C
__ptext21                                            text21       00221A
__ptext22                                            text22       001EE4
__ptext23                                            text23       0016F6
__ptext24                                            text24       001D68
__ptext25                                            text25       001886
__ptext26                                            text26       00155E
__ptext27                                            text27       0013A8
__ptext28                                            text28       001190
__ptext29                                            text29       000F76
__ptext3                                             text3        002142
__ptext30                                            text30       0019B4
__ptext31                                            text31       002436
__ptext32                                            text32       001F96
__ptext33                                            text33       001AE0
__ptext35                                            text35       001BC2
__ptext36                                            text36       002028
__ptext37                                            text37       002402
__ptext38                                            text38       00259E
__ptext39                                            text39       0023C6
__ptext4                                             text4        001C9E
__ptext40                                            text40       0025CC
__ptext41                                            text41       002348
__ptext42                                            text42       0025C8
__ptext43                                            text43       0025AC
__ptext44                                            text44       0025CE
__ptext45                                            text45       0025BE
__ptext46                                            text46       0025D0
__ptext5                                             text5        0024F2
__ptext6                                             text6        0025B6
__ptext7                                             text7        002462
__ptext8                                             text8        00252A
__ptext9                                             text9        002388
__ramtop                                             ramtop       000F00
__smallconst                                         smallconst   000F00
_eusart1RxBuffer                                     bssBANK0     0000D4
_eusart1RxCount                                      bssCOMRAM    00004A
_eusart1RxHead                                       bssCOMRAM    00004C
_eusart1RxLastError                                  bssCOMRAM    000042
_eusart1RxStatusBuffer                               bssBANK0     0000C4
_eusart1RxTail                                       bssCOMRAM    00004B
_flags                                               bssCOMRAM    000046
_fputc                                               text4        001C9E
_main                                                text0        002270
_prec                                                bssCOMRAM    000040
_printf                                              text1        002510
_putch                                               text5        0024F2
_received                                            bssBANK2     000200
_response                                            bssBANK1     000100
_rxfunc                                              text36       002028
_timerTMR0ReloadVal16bit                             bssCOMRAM    000044
_tmr0func                                            text41       002348
_vfpfcnvrt                                           text3        002142
_vfprintf                                            text2        0022BC
_width                                               bssCOMRAM    00003E
_z                                                   bssCOMRAM    000047
btemp                                                temp         000050
calcAD@F10957                                        dataBANK0    0000E1
end_of_initialization                                cinit        002138
fputc@c                                              cstackCOMRAM 00000E
fputc@fp                                             cstackCOMRAM 000010
i2TMR0_OverflowCallbackRegister@CallbackHandler      cstackCOMRAM 000001
i2_TMR0_Initialize                                   text37       002402
i2_TMR0_OverflowCallbackRegister                     text38       00259E
int$flags                                            temp         000050
intlevel0                                            text         000000
intlevel1                                            text         000000
intlevel2                                            text         000000
intlevel3                                            text         000000
isa$std                                              (abs)        000001
isa$xinst                                            (abs)        000000
printf@ap                                            cstackCOMRAM 000021
printf@fmt                                           cstackCOMRAM 000020
putch@txData                                         cstackCOMRAM 00000D
stackhi                                              (abs)        000000
stacklo                                              (abs)        000000
start                                                init         0000D0
start_initialization                                 cinit        0020BA
ttemp5                                               temp         000051
ttemp6                                               temp         000054
ttemp7                                               temp         000058
vfpfcnvrt@ap                                         cstackCOMRAM 00001A
vfpfcnvrt@fmt                                        cstackCOMRAM 000019
vfpfcnvrt@fp                                         cstackCOMRAM 000017
vfprintf@ap                                          cstackCOMRAM 00001E
vfprintf@cfmt                                        cstackCOMRAM 00001F
vfprintf@fmt                                         cstackCOMRAM 00001D
vfprintf@fp                                          cstackCOMRAM 00001B
wtemp8                                               temp         000051


MODULE INFORMATION

Module		Function		Class		Link	Load	Size
C:\Program Files\Microchip\xc8\v2.46\pic\sources\c99\common\printf.c
		_printf        		CODE           	2510	0000	26

C:\Program Files\Microchip\xc8\v2.46\pic\sources\c99\common\printf.c estimated size: 26

libs/modbus.c
		_CalculateCRC  		CODE           	1F96	0000	146
		_ClearResponse 		CODE           	2436	0000	44
		_ReadHR        		CODE           	13A8	0000	438
		_ModbusDelay   		CODE           	25AC	0000	10
		_WriteMultiCoil		CODE           	16F6	0000	400
		_ReadIR        		CODE           	155E	0000	408
		_ReadDI        		CODE           	1190	0000	536
		_WriteCoil     		CODE           	1886	0000	302
		_CheckCRC      		CODE           	1AE0	0000	226
		_DecodePacket  		CODE           	1EE4	0000	178
		_ReadCoil      		CODE           	0F76	0000	538
		_PresetSR      		CODE           	19B4	0000	300

libs/modbus.c estimated size: 3526

C:\Program Files\Microchip\xc8\v2.46\pic\sources\c99\common\nf_fputc.c
		_fputc         		CODE           	1C9E	0000	202

C:\Program Files\Microchip\xc8\v2.46\pic\sources\c99\common\nf_fputc.c estimated size: 202

C:\Program Files\Microchip\xc8\v2.46\pic\sources\c99\common\awdiv.c
		___awdiv       		CODE           	1D68	0000	196

C:\Program Files\Microchip\xc8\v2.46\pic\sources\c99\common\awdiv.c estimated size: 196

mcc_generated_files/system/src/interrupt.c
		_INT0_SetInterruptHandler		CODE           	2590	0000	14
		_INT1_SetInterruptHandler		CODE           	2582	0000	14
		_INT2_SetInterruptHandler		CODE           	2574	0000	14
		_INTERRUPT_Initialize		CODE           	2302	0000	70
		_INTERRUPT_InterruptManager		CODE           	0008	0000	200

mcc_generated_files/system/src/interrupt.c estimated size: 312

mcc_generated_files/adc/src/adcc.c
		_ADCC_Initialize		CODE           	221A	0000	86

mcc_generated_files/adc/src/adcc.c estimated size: 86

C:\Program Files\Microchip\xc8\v2.46\pic\sources\c99\common\doprnt.c
		_vfpfcnvrt     		CODE           	2142	0000	118
		_vfprintf      		CODE           	22BC	0000	70

C:\Program Files\Microchip\xc8\v2.46\pic\sources\c99\common\doprnt.c estimated size: 188

mcc_generated_files/system/src/pins.c
		_PIN_MANAGER_Initialize		CODE           	1E2C	0000	184
		_PIN_MANAGER_IOC		CODE           	25CE	0000	2

mcc_generated_files/system/src/pins.c estimated size: 186

shared
		i2_TMR0_Initialize		CODE           	2402	0000	52
		i2_TMR0_OverflowCallbackRegister		CODE           	259E	0000	14
		__initialization		CODE           	20BA	0000	126
		_UART1         		SMALLCONST     	0F01	0000	72
		_Timer0        		SMALLCONST     	0F49	0000	18

shared estimated size: 282

mcc_generated_files/system/src/clock.c
		_CLOCK_Initialize		CODE           	255C	0000	24

mcc_generated_files/system/src/clock.c estimated size: 24

mcc_generated_files/timer/src/tmr0.c
		_TMR0_OverflowCallbackRegister		CODE           	2544	0000	24
		_TMR0_DefaultOverflowCallback		CODE           	25CC	0000	2
		_TMR0_OverflowISR		CODE           	23C6	0000	60
		_TMR0_Initialize		CODE           	2388	0000	62
		_TMR0_Stop     		CODE           	25C8	0000	4

mcc_generated_files/timer/src/tmr0.c estimated size: 152

main.c
		_tmr0func      		CODE           	2348	0000	64
		_rxfunc        		CODE           	2028	0000	146
		_main          		CODE           	2270	0000	76

main.c estimated size: 286

mcc_generated_files/uart/src/eusart1.c
		_EUSART1_Initialize		CODE           	21B8	0000	98
		_EUSART1_ReceiveISR		CODE           	1BC2	0000	220
		_EUSART1_RxCompleteCallbackRegister		CODE           	248C	0000	34
		_putch         		CODE           	24F2	0000	30
		_EUSART1_DefaultFramingErrorCallback		CODE           	25D0	0000	2
		_EUSART1_Write 		CODE           	25B6	0000	8
		_EUSART1_FramingErrorCallbackRegister		CODE           	24D0	0000	34
		_EUSART1_IsTxReady		CODE           	2462	0000	42
		_EUSART1_OverrunErrorCallbackRegister		CODE           	24AE	0000	34
		_EUSART1_DefaultOverrunErrorCallback		CODE           	25BE	0000	6

mcc_generated_files/uart/src/eusart1.c estimated size: 508

mcc_generated_files/system/src/system.c
		_SYSTEM_Initialize		CODE           	252A	0000	26

mcc_generated_files/system/src/system.c estimated size: 26

